// Jest Snapshot v1, https://goo.gl/fbAQLP

exports[`Home snapshot Home snapshot test 1`] = `
<div
  className="todoapp stack-large"
>
  <h1>
    TodoMatic
  </h1>
  <form
    onSubmit={[Function]}
  >
    <h2
      className="label-wrapper"
    >
      <label
        className="label__lg"
        htmlFor="new-todo-input"
      >
        What needs to be done?
      </label>
    </h2>
    <input
      autoComplete="off"
      className="input input__lg"
      id="new-todo-input"
      name="text"
      onChange={[Function]}
      type="text"
      value=""
    />
    <button
      className="btn btn__primary btn__lg"
      type="submit"
    >
      Add
    </button>
  </form>
  <div
    style={
      Object {
        "textAlign": "center",
      }
    }
  >
    <span
      className="name-warning"
    >
      
    </span>
  </div>
  <div
    className="filters btn-group stack-exception"
  >
    <button
      aria-pressed={true}
      className="btn toggle-btn"
      onClick={[Function]}
      type="button"
    >
      <span
        className="visually-hidden"
      >
        Show 
      </span>
      <span>
        All
      </span>
      <span
        className="visually-hidden"
      >
         tasks
      </span>
    </button>
    <button
      aria-pressed={false}
      className="btn toggle-btn"
      onClick={[Function]}
      type="button"
    >
      <span
        className="visually-hidden"
      >
        Show 
      </span>
      <span>
        Active
      </span>
      <span
        className="visually-hidden"
      >
         tasks
      </span>
    </button>
    <button
      aria-pressed={false}
      className="btn toggle-btn"
      onClick={[Function]}
      type="button"
    >
      <span
        className="visually-hidden"
      >
        Show 
      </span>
      <span>
        Completed
      </span>
      <span
        className="visually-hidden"
      >
         tasks
      </span>
    </button>
  </div>
  <div
    style={
      Object {
        "alignItems": "baseline",
        "display": "flex",
        "justifyContent": "space-between",
      }
    }
  >
    <h2
      id="list-heading"
    >
      3 tasks remaining
    </h2>
    <button
      className="btn toggle-btn"
      onClick={[Function]}
      type="button"
    >
      <span
        className="visually-hidden"
      >
        Clear 
      </span>
      <span>
        Clear All Tasks
      </span>
      <span
        className="visually-hidden"
      >
         tasks
      </span>
    </button>
  </div>
  <ul
    aria-labelledby="list-heading"
    className="todo-list stack-large stack-exception"
  >
    <li
      className="todo stack-small"
    >
      <div
        className="stack-small"
      >
        <div
          className="c-cb"
        >
          <input
            defaultChecked={true}
            id="todo-0"
            onChange={[Function]}
            type="checkbox"
          />
          <label
            className="todo-label"
            htmlFor="todo-0"
          >
            Eat
          </label>
        </div>
        <div
          className="btn-group"
        >
          <button
            className="btn"
            onClick={[Function]}
            type="button"
          >
            Edit 
            <span
              className="visually-hidden"
            >
              Eat
            </span>
          </button>
          <button
            className="btn btn__danger"
            onClick={[Function]}
            type="button"
          >
            Delete 
            <span
              className="visually-hidden"
            >
              Eat
            </span>
          </button>
        </div>
      </div>
    </li>
    <li
      className="todo stack-small"
    >
      <div
        className="stack-small"
      >
        <div
          className="c-cb"
        >
          <input
            defaultChecked={false}
            id="todo-1"
            onChange={[Function]}
            type="checkbox"
          />
          <label
            className="todo-label"
            htmlFor="todo-1"
          >
            Sleep
          </label>
        </div>
        <div
          className="btn-group"
        >
          <button
            className="btn"
            onClick={[Function]}
            type="button"
          >
            Edit 
            <span
              className="visually-hidden"
            >
              Sleep
            </span>
          </button>
          <button
            className="btn btn__danger"
            onClick={[Function]}
            type="button"
          >
            Delete 
            <span
              className="visually-hidden"
            >
              Sleep
            </span>
          </button>
        </div>
      </div>
    </li>
    <li
      className="todo stack-small"
    >
      <div
        className="stack-small"
      >
        <div
          className="c-cb"
        >
          <input
            defaultChecked={false}
            id="todo-2"
            onChange={[Function]}
            type="checkbox"
          />
          <label
            className="todo-label"
            htmlFor="todo-2"
          >
            Repeat
          </label>
        </div>
        <div
          className="btn-group"
        >
          <button
            className="btn"
            onClick={[Function]}
            type="button"
          >
            Edit 
            <span
              className="visually-hidden"
            >
              Repeat
            </span>
          </button>
          <button
            className="btn btn__danger"
            onClick={[Function]}
            type="button"
          >
            Delete 
            <span
              className="visually-hidden"
            >
              Repeat
            </span>
          </button>
        </div>
      </div>
    </li>
  </ul>
</div>
`;
